// Jest Snapshot v1, https://goo.gl/fbAQLP

exports[`rendering create snapshot 1`] = `ShallowWrapper {}`;
